[Error] TimeoutError: Waiting for selector `button[data-spm-anchor-id*="detail"]` failed: Waiting failed: 20000ms exceeded 
